species	division
aegilops_tauschii	EnsemblPlants
amborella_trichopoda	EnsemblPlants
arabidopsis_lyrata	EnsemblPlants
arabidopsis_thaliana	EnsemblPlants
beta_vulgaris	EnsemblPlants
brachypodium_distachyon	EnsemblPlants
brassica_napus	EnsemblPlants
brassica_oleracea	EnsemblPlants
brassica_rapa	EnsemblPlants
cajanus_cajan	EnsemblPlants
chlamydomonas_reinhardtii	EnsemblPlants
chondrus_crispus	EnsemblPlants
corchorus_capsularis	EnsemblPlants
cucumis_sativus	EnsemblPlants
cyanidioschyzon_merolae	EnsemblPlants
daucus_carota	EnsemblPlants
dioscorea_rotundata	EnsemblPlants
galdieria_sulphuraria	EnsemblPlants
glycine_max	EnsemblPlants
gossypium_raimondii	EnsemblPlants
helianthus_annuus	EnsemblPlants
hordeum_vulgare	EnsemblPlants
leersia_perrieri	EnsemblPlants
lupinus_angustifolius	EnsemblPlants
manihot_esculenta	EnsemblPlants
medicago_truncatula	EnsemblPlants
musa_acuminata	EnsemblPlants
nicotiana_attenuata	EnsemblPlants
oryza_barthii	EnsemblPlants
oryza_brachyantha	EnsemblPlants
oryza_glaberrima	EnsemblPlants
oryza_glumipatula	EnsemblPlants
oryza_indica	EnsemblPlants
oryza_longistaminata	EnsemblPlants
oryza_meridionalis	EnsemblPlants
oryza_nivara	EnsemblPlants
oryza_punctata	EnsemblPlants
oryza_rufipogon	EnsemblPlants
oryza_sativa	EnsemblPlants
ostreococcus_lucimarinus	EnsemblPlants
phaseolus_vulgaris	EnsemblPlants
physcomitrella_patens	EnsemblPlants
populus_trichocarpa	EnsemblPlants
prunus_persica	EnsemblPlants
selaginella_moellendorffii	EnsemblPlants
setaria_italica	EnsemblPlants
solanum_lycopersicum	EnsemblPlants
solanum_tuberosum	EnsemblPlants
sorghum_bicolor	EnsemblPlants
theobroma_cacao	EnsemblPlants
trifolium_pratense	EnsemblPlants
triticum_aestivum	EnsemblPlants
triticum_dicoccoides	EnsemblPlants
triticum_urartu	EnsemblPlants
vigna_angularis	EnsemblPlants
vigna_radiata	EnsemblPlants
vitis_vinifera	EnsemblPlants
zea_mays	EnsemblPlants
